Component: ARM Compiler 5.06 (build 20) Tool: armlink [4d35a3]

==============================================================================

Section Cross References

    adc0.o(i.init_ADC0) refers to adc16.o(i.ADC_Config_Alt) for ADC_Config_Alt
    adc0.o(i.init_ADC0) refers to adc16.o(i.ADC_Cal) for ADC_Cal
    timers.o(i.Init_PIT) refers to timers.o(i.NVIC_SetPriority) for NVIC_SetPriority
    uart.o(i.uart0_init) refers to aeabi_sdiv.o(.text) for __aeabi_uidivmod
    test.o(i.ADC0_IRQHandler) refers to test.o(i.NVIC_ClearPendingIRQ) for NVIC_ClearPendingIRQ
    test.o(i.ADC0_IRQHandler) refers to test.o(.data) for flagBuffer
    test.o(i.ADC0_IRQHandler) refers to test.o(.bss) for bufferPing1
    test.o(i.Init_ADC) refers to adc0.o(i.init_ADC0) for init_ADC0
    test.o(i.Init_ADC) refers to test.o(i.NVIC_SetPriority) for NVIC_SetPriority
    test.o(i.Init_ADC) refers to test.o(i.NVIC_ClearPendingIRQ) for NVIC_ClearPendingIRQ
    test.o(i.Init_ADC) refers to test.o(i.NVIC_EnableIRQ) for NVIC_EnableIRQ
    test.o(i.Init_PWM) refers to test.o(.data) for PW1
    test.o(i.LED_Initialize) refers to test.o(.constdata) for led_mask
    test.o(i.PIT_IRQHandler) refers to timers.o(.data) for PIT_interrupt_counter
    test.o(i.TPM1_IRQHandler) refers to test.o(i.NVIC_ClearPendingIRQ) for NVIC_ClearPendingIRQ
    test.o(i.TPM1_IRQHandler) refers to test.o(.data) for PW3
    test.o(i.getDir) refers to dflti.o(.text) for __aeabi_i2d
    test.o(i.getDir) refers to drlef.o(x$fpl$drleqf) for __aeabi_cdrcmple
    test.o(i.getDir) refers to fflti.o(.text) for __aeabi_i2f
    test.o(i.getDir) refers to faddsub.o(x$fpl$fsub) for __aeabi_fsub
    test.o(i.getDir) refers to f2d.o(.text) for __aeabi_f2d
    test.o(i.getDir) refers to daddsub.o(.text) for __aeabi_dsub
    test.o(i.getDir) refers to d2f.o(.text) for __aeabi_d2f
    test.o(i.getDir) refers to fmul.o(x$fpl$fmul) for __aeabi_fmul
    test.o(i.getDir) refers to faddsub.o(x$fpl$fadd) for __aeabi_fadd
    test.o(i.getDir) refers to ffixui.o(.text) for __aeabi_f2uiz
    test.o(i.getDir) refers to frlef.o(x$fpl$frleqf) for __aeabi_cfrcmple
    test.o(i.getDir) refers to dmul.o(.text) for __aeabi_dmul
    test.o(i.getDir) refers to ddiv.o(.text) for __aeabi_ddiv
    test.o(i.getDir) refers to dfixui.o(.text) for __aeabi_d2uiz
    test.o(i.getDir) refers to flef.o(x$fpl$fleqf) for __aeabi_cfcmple
    test.o(i.getDir) refers to test.o(.data) for black
    test.o(i.main) refers to test.o(i.LED_Initialize) for LED_Initialize
    test.o(i.main) refers to uart.o(i.uart0_init) for uart0_init
    test.o(i.main) refers to test.o(i.Init_ADC) for Init_ADC
    test.o(i.main) refers to test.o(i.Init_PWM) for Init_PWM
    test.o(i.main) refers to timers.o(i.Init_PIT) for Init_PIT
    test.o(i.main) refers to timers.o(i.Start_PIT) for Start_PIT
    test.o(i.main) refers to test.o(i.NVIC_SetPriority) for NVIC_SetPriority
    test.o(i.main) refers to test.o(i.NVIC_ClearPendingIRQ) for NVIC_ClearPendingIRQ
    test.o(i.main) refers to test.o(i.NVIC_EnableIRQ) for NVIC_EnableIRQ
    test.o(i.main) refers to test.o(i.getDir) for getDir
    test.o(i.main) refers to test.o(.data) for tempPW
    test.o(i.main) refers to test.o(.bss) for bufferPong1
    test.o(i.printBuffer) refers to test.o(i.put) for put
    test.o(i.printBuffer) refers to test.o(.data) for strNewLine
    test.o(i.put) refers to uart.o(i.uart0_putchar) for uart0_putchar
    startup_mkl25z4.o(STACK) refers (Special) to heapauxi.o(.text) for __use_two_region_memory
    startup_mkl25z4.o(HEAP) refers (Special) to heapauxi.o(.text) for __use_two_region_memory
    startup_mkl25z4.o(RESET) refers (Special) to heapauxi.o(.text) for __use_two_region_memory
    startup_mkl25z4.o(RESET) refers to startup_mkl25z4.o(STACK) for __initial_sp
    startup_mkl25z4.o(RESET) refers to startup_mkl25z4.o(.text) for Reset_Handler
    startup_mkl25z4.o(RESET) refers to uart.o(i.UART0_IRQHandler) for UART0_IRQHandler
    startup_mkl25z4.o(RESET) refers to test.o(i.ADC0_IRQHandler) for ADC0_IRQHandler
    startup_mkl25z4.o(RESET) refers to test.o(i.TPM1_IRQHandler) for TPM1_IRQHandler
    startup_mkl25z4.o(RESET) refers to test.o(i.PIT_IRQHandler) for PIT_IRQHandler
    startup_mkl25z4.o(.ARM.__at_0x400) refers (Special) to heapauxi.o(.text) for __use_two_region_memory
    startup_mkl25z4.o(.text) refers (Special) to heapauxi.o(.text) for __use_two_region_memory
    startup_mkl25z4.o(.text) refers to system_mkl25z4.o(i.SystemInit) for SystemInit
    startup_mkl25z4.o(.text) refers to __main.o(!!!main) for __main
    startup_mkl25z4.o(.text) refers to startup_mkl25z4.o(HEAP) for Heap_Mem
    startup_mkl25z4.o(.text) refers to startup_mkl25z4.o(STACK) for Stack_Mem
    system_mkl25z4.o(i.SystemCoreClockUpdate) refers to aeabi_sdiv.o(.text) for __aeabi_uidivmod
    system_mkl25z4.o(i.SystemCoreClockUpdate) refers to system_mkl25z4.o(i.__ARM_common_switch8) for __ARM_common_switch8
    system_mkl25z4.o(i.SystemCoreClockUpdate) refers to system_mkl25z4.o(.data) for SystemCoreClock
    __main.o(!!!main) refers to __rtentry.o(.ARM.Collect$$rtentry$$00000000) for __rt_entry
    d2f.o(.text) refers (Special) to usenofp.o(x$fpl$usenofp) for __I$use$fp
    daddsub.o(.text) refers (Special) to usenofp.o(x$fpl$usenofp) for __I$use$fp
    ddiv.o(.text) refers (Special) to usenofp.o(x$fpl$usenofp) for __I$use$fp
    ddiv.o(.text) refers to ddiv.o(.constdata) for .constdata
    ddiv.o(.constdata) refers (Special) to usenofp.o(x$fpl$usenofp) for __I$use$fp
    dfixui.o(.text) refers (Special) to usenofp.o(x$fpl$usenofp) for __I$use$fp
    dflti.o(.text) refers (Special) to usenofp.o(x$fpl$usenofp) for __I$use$fp
    dmul.o(.text) refers (Special) to usenofp.o(x$fpl$usenofp) for __I$use$fp
    drlef.o(x$fpl$drleqf) refers (Special) to usenofp.o(x$fpl$usenofp) for __I$use$fp
    drlef.o(x$fpl$drleqf) refers to dcmpin.o(.text) for __fpl_dcmp_InfNaN
    f2d.o(.text) refers (Special) to usenofp.o(x$fpl$usenofp) for __I$use$fp
    faddsub.o(x$fpl$fadd) refers (Special) to usenofp.o(x$fpl$usenofp) for __I$use$fp
    faddsub.o(x$fpl$fadd) refers to faddsub.o(x$fpl$fsub) for _fsub1
    faddsub.o(x$fpl$frsb) refers (Special) to usenofp.o(x$fpl$usenofp) for __I$use$fp
    faddsub.o(x$fpl$frsb) refers to faddsub.o(x$fpl$fsub) for _fsub1
    faddsub.o(x$fpl$frsb) refers to faddsub.o(x$fpl$fadd) for _fadd1
    faddsub.o(x$fpl$fsub) refers (Special) to usenofp.o(x$fpl$usenofp) for __I$use$fp
    faddsub.o(x$fpl$fsub) refers to faddsub.o(x$fpl$fadd) for _fadd1
    ffixui.o(.text) refers (Special) to usenofp.o(x$fpl$usenofp) for __I$use$fp
    fflti.o(.text) refers (Special) to usenofp.o(x$fpl$usenofp) for __I$use$fp
    flef.o(x$fpl$fleqf) refers (Special) to usenofp.o(x$fpl$usenofp) for __I$use$fp
    flef.o(x$fpl$fleqf) refers to fcmpin.o(.text) for __fpl_fcmp_InfNaN
    fmul.o(x$fpl$fmul) refers (Special) to usenofp.o(x$fpl$usenofp) for __I$use$fp
    frlef.o(x$fpl$frleqf) refers (Special) to usenofp.o(x$fpl$usenofp) for __I$use$fp
    frlef.o(x$fpl$frleqf) refers to fcmpin.o(.text) for __fpl_fcmp_InfNaN
    __rtentry.o(.ARM.Collect$$rtentry$$00000000) refers (Special) to __rtentry2.o(.ARM.Collect$$rtentry$$0000000A) for __rt_entry_li
    __rtentry.o(.ARM.Collect$$rtentry$$00000000) refers (Special) to __rtentry2.o(.ARM.Collect$$rtentry$$0000000D) for __rt_entry_main
    __rtentry.o(.ARM.Collect$$rtentry$$00000000) refers (Special) to __rtentry2.o(.ARM.Collect$$rtentry$$0000000C) for __rt_entry_postli_1
    __rtentry.o(.ARM.Collect$$rtentry$$00000000) refers (Special) to __rtentry2.o(.ARM.Collect$$rtentry$$00000009) for __rt_entry_postsh_1
    __rtentry.o(.ARM.Collect$$rtentry$$00000000) refers (Special) to __rtentry2.o(.ARM.Collect$$rtentry$$00000002) for __rt_entry_presh_1
    __rtentry.o(.ARM.Collect$$rtentry$$00000000) refers (Special) to __rtentry4.o(.ARM.Collect$$rtentry$$00000004) for __rt_entry_sh
    aeabi_idiv0_sigfpe.o(.text) refers to rt_div0.o(.text) for __rt_div0
    dcmpin.o(.text) refers (Special) to usenofp.o(x$fpl$usenofp) for __I$use$fp
    dcmpin.o(.text) refers to cmpret.o(.text) for __fpl_cmpreturn
    dcmpin.o(.text) refers to dnan2.o(.text) for __fpl_dcheck_NaN2
    fcmpin.o(.text) refers (Special) to usenofp.o(x$fpl$usenofp) for __I$use$fp
    fcmpin.o(.text) refers to cmpret.o(.text) for __fpl_cmpreturn
    fcmpin.o(.text) refers to fnan2.o(.text) for __fpl_fcheck_NaN2
    __rtentry2.o(.ARM.Collect$$rtentry$$00000008) refers to boardinit2.o(.text) for _platform_post_stackheap_init
    __rtentry2.o(.ARM.Collect$$rtentry$$0000000A) refers to libinit.o(.ARM.Collect$$libinit$$00000000) for __rt_lib_init
    __rtentry2.o(.ARM.Collect$$rtentry$$0000000B) refers to boardinit3.o(.text) for _platform_post_lib_init
    __rtentry2.o(.ARM.Collect$$rtentry$$0000000D) refers to test.o(i.main) for main
    __rtentry2.o(.ARM.Collect$$rtentry$$0000000D) refers to exit.o(.text) for exit
    __rtentry2.o(.ARM.exidx) refers to __rtentry2.o(.ARM.Collect$$rtentry$$00000001) for .ARM.Collect$$rtentry$$00000001
    __rtentry2.o(.ARM.exidx) refers to __rtentry2.o(.ARM.Collect$$rtentry$$00000008) for .ARM.Collect$$rtentry$$00000008
    __rtentry2.o(.ARM.exidx) refers to __rtentry2.o(.ARM.Collect$$rtentry$$0000000A) for .ARM.Collect$$rtentry$$0000000A
    __rtentry2.o(.ARM.exidx) refers to __rtentry2.o(.ARM.Collect$$rtentry$$0000000B) for .ARM.Collect$$rtentry$$0000000B
    __rtentry2.o(.ARM.exidx) refers to __rtentry2.o(.ARM.Collect$$rtentry$$0000000D) for .ARM.Collect$$rtentry$$0000000D
    __rtentry4.o(.ARM.Collect$$rtentry$$00000004) refers to sys_stackheap_outer.o(.text) for __user_setup_stackheap
    __rtentry4.o(.ARM.exidx) refers to __rtentry4.o(.ARM.Collect$$rtentry$$00000004) for .ARM.Collect$$rtentry$$00000004
    rt_div0.o(.text) refers to defsig_fpe_outer.o(.text) for __rt_SIGFPE
    cmpret.o(.text) refers (Special) to usenofp.o(x$fpl$usenofp) for __I$use$fp
    dnan2.o(.text) refers (Special) to usenofp.o(x$fpl$usenofp) for __I$use$fp
    dnan2.o(.text) refers to retnan.o(.text) for __fpl_return_NaN
    fnan2.o(.text) refers (Special) to usenofp.o(x$fpl$usenofp) for __I$use$fp
    fnan2.o(.text) refers to retnan.o(.text) for __fpl_return_NaN
    sys_stackheap_outer.o(.text) refers to libspace.o(.text) for __user_perproc_libspace
    sys_stackheap_outer.o(.text) refers to startup_mkl25z4.o(.text) for __user_initial_stackheap
    sys_stackheap_outer.o(__vectab_stack_and_reset_area) refers to tempstk.o(.text) for __temporary_stack_top
    sys_stackheap_outer.o(__vectab_stack_and_reset_area) refers to __main.o(!!!main) for __main
    exit.o(.text) refers to rtexit.o(.ARM.Collect$$rtexit$$00000000) for __rt_exit
    defsig_fpe_outer.o(.text) refers to defsig_fpe_inner.o(.text) for __rt_SIGFPE_inner
    defsig_fpe_outer.o(.text) refers to defsig_exit.o(.text) for __sig_exit
    defsig_fpe_formal.o(.text) refers to rt_raise.o(.text) for __rt_raise
    libinit.o(.ARM.Collect$$libinit$$00000000) refers (Special) to libinit2.o(.ARM.Collect$$libinit$$0000002E) for __rt_lib_init_alloca_1
    libinit.o(.ARM.Collect$$libinit$$00000000) refers (Special) to libinit2.o(.ARM.Collect$$libinit$$0000002C) for __rt_lib_init_argv_1
    libinit.o(.ARM.Collect$$libinit$$00000000) refers (Special) to libinit2.o(.ARM.Collect$$libinit$$0000001B) for __rt_lib_init_atexit_1
    libinit.o(.ARM.Collect$$libinit$$00000000) refers (Special) to libinit2.o(.ARM.Collect$$libinit$$00000021) for __rt_lib_init_clock_1
    libinit.o(.ARM.Collect$$libinit$$00000000) refers (Special) to libinit2.o(.ARM.Collect$$libinit$$00000032) for __rt_lib_init_cpp_1
    libinit.o(.ARM.Collect$$libinit$$00000000) refers (Special) to libinit2.o(.ARM.Collect$$libinit$$00000030) for __rt_lib_init_exceptions_1
    libinit.o(.ARM.Collect$$libinit$$00000000) refers (Special) to libinit2.o(.ARM.Collect$$libinit$$00000002) for __rt_lib_init_fp_1
    libinit.o(.ARM.Collect$$libinit$$00000000) refers (Special) to libinit2.o(.ARM.Collect$$libinit$$0000001F) for __rt_lib_init_fp_trap_1
    libinit.o(.ARM.Collect$$libinit$$00000000) refers (Special) to libinit2.o(.ARM.Collect$$libinit$$00000023) for __rt_lib_init_getenv_1
    libinit.o(.ARM.Collect$$libinit$$00000000) refers (Special) to libinit2.o(.ARM.Collect$$libinit$$0000000A) for __rt_lib_init_heap_1
    libinit.o(.ARM.Collect$$libinit$$00000000) refers (Special) to libinit2.o(.ARM.Collect$$libinit$$00000011) for __rt_lib_init_lc_collate_1
    libinit.o(.ARM.Collect$$libinit$$00000000) refers (Special) to libinit2.o(.ARM.Collect$$libinit$$00000013) for __rt_lib_init_lc_ctype_1
    libinit.o(.ARM.Collect$$libinit$$00000000) refers (Special) to libinit2.o(.ARM.Collect$$libinit$$00000015) for __rt_lib_init_lc_monetary_1
    libinit.o(.ARM.Collect$$libinit$$00000000) refers (Special) to libinit2.o(.ARM.Collect$$libinit$$00000017) for __rt_lib_init_lc_numeric_1
    libinit.o(.ARM.Collect$$libinit$$00000000) refers (Special) to libinit2.o(.ARM.Collect$$libinit$$00000019) for __rt_lib_init_lc_time_1
    libinit.o(.ARM.Collect$$libinit$$00000000) refers (Special) to libinit2.o(.ARM.Collect$$libinit$$00000004) for __rt_lib_init_preinit_1
    libinit.o(.ARM.Collect$$libinit$$00000000) refers (Special) to libinit2.o(.ARM.Collect$$libinit$$0000000E) for __rt_lib_init_rand_1
    libinit.o(.ARM.Collect$$libinit$$00000000) refers (Special) to libinit2.o(.ARM.Collect$$libinit$$00000033) for __rt_lib_init_return
    libinit.o(.ARM.Collect$$libinit$$00000000) refers (Special) to libinit2.o(.ARM.Collect$$libinit$$0000001D) for __rt_lib_init_signal_1
    libinit.o(.ARM.Collect$$libinit$$00000000) refers (Special) to libinit2.o(.ARM.Collect$$libinit$$00000025) for __rt_lib_init_stdio_1
    libinit.o(.ARM.Collect$$libinit$$00000000) refers (Special) to libinit2.o(.ARM.Collect$$libinit$$0000000C) for __rt_lib_init_user_alloc_1
    retnan.o(.text) refers (Special) to usenofp.o(x$fpl$usenofp) for __I$use$fp
    retnan.o(.text) refers to cmpret.o(.text) for __fpl_cmpreturn
    libspace.o(.text) refers to libspace.o(.bss) for __libspace_start
    rtexit.o(.ARM.Collect$$rtexit$$00000000) refers (Special) to rtexit2.o(.ARM.Collect$$rtexit$$00000004) for __rt_exit_exit
    rtexit.o(.ARM.Collect$$rtexit$$00000000) refers (Special) to rtexit2.o(.ARM.Collect$$rtexit$$00000003) for __rt_exit_ls
    rtexit.o(.ARM.Collect$$rtexit$$00000000) refers (Special) to rtexit2.o(.ARM.Collect$$rtexit$$00000002) for __rt_exit_prels_1
    rtexit.o(.ARM.exidx) refers (Special) to rtexit2.o(.ARM.Collect$$rtexit$$00000004) for __rt_exit_exit
    rtexit.o(.ARM.exidx) refers (Special) to rtexit2.o(.ARM.Collect$$rtexit$$00000003) for __rt_exit_ls
    rtexit.o(.ARM.exidx) refers (Special) to rtexit2.o(.ARM.Collect$$rtexit$$00000002) for __rt_exit_prels_1
    rtexit.o(.ARM.exidx) refers to rtexit.o(.ARM.Collect$$rtexit$$00000000) for .ARM.Collect$$rtexit$$00000000
    rt_raise.o(.text) refers to __raise.o(.text) for __raise
    rt_raise.o(.text) refers to sys_exit.o(.text) for _sys_exit
    defsig_exit.o(.text) refers to sys_exit.o(.text) for _sys_exit
    defsig_fpe_inner.o(.text) refers to defsig_general.o(.text) for __default_signal_display
    libinit2.o(.ARM.Collect$$libinit$$00000010) refers to libinit2.o(.ARM.Collect$$libinit$$0000000F) for .ARM.Collect$$libinit$$0000000F
    libinit2.o(.ARM.Collect$$libinit$$00000012) refers to libinit2.o(.ARM.Collect$$libinit$$0000000F) for .ARM.Collect$$libinit$$0000000F
    libinit2.o(.ARM.Collect$$libinit$$00000014) refers to libinit2.o(.ARM.Collect$$libinit$$0000000F) for .ARM.Collect$$libinit$$0000000F
    libinit2.o(.ARM.Collect$$libinit$$00000016) refers to libinit2.o(.ARM.Collect$$libinit$$0000000F) for .ARM.Collect$$libinit$$0000000F
    libinit2.o(.ARM.Collect$$libinit$$00000018) refers to libinit2.o(.ARM.Collect$$libinit$$0000000F) for .ARM.Collect$$libinit$$0000000F
    libinit2.o(.ARM.Collect$$libinit$$00000026) refers to argv_veneer.o(.text) for __ARM_argv_veneer
    libinit2.o(.ARM.Collect$$libinit$$00000027) refers to argv_veneer.o(.text) for __ARM_argv_veneer
    sys_exit.o(.text) refers (Special) to use_no_semi.o(.text) for __I$use$semihosting
    sys_exit.o(.text) refers (Special) to indicate_semi.o(.text) for __semihosting_library_function
    rtexit2.o(.ARM.Collect$$rtexit$$00000003) refers to libshutdown.o(.ARM.Collect$$libshutdown$$00000000) for __rt_lib_shutdown
    rtexit2.o(.ARM.Collect$$rtexit$$00000004) refers to sys_exit.o(.text) for _sys_exit
    rtexit2.o(.ARM.exidx) refers to rtexit2.o(.ARM.Collect$$rtexit$$00000001) for .ARM.Collect$$rtexit$$00000001
    rtexit2.o(.ARM.exidx) refers to rtexit2.o(.ARM.Collect$$rtexit$$00000003) for .ARM.Collect$$rtexit$$00000003
    rtexit2.o(.ARM.exidx) refers to rtexit2.o(.ARM.Collect$$rtexit$$00000004) for .ARM.Collect$$rtexit$$00000004
    __raise.o(.text) refers to defsig.o(CL$$defsig) for __default_signal_handler
    defsig_general.o(.text) refers to sys_wrch.o(.text) for _ttywrch
    sys_wrch.o(.text) refers (Special) to use_no_semi.o(.text) for __I$use$semihosting
    sys_wrch.o(.text) refers (Special) to indicate_semi.o(.text) for __semihosting_library_function
    defsig.o(CL$$defsig) refers to defsig_fpe_inner.o(.text) for __rt_SIGFPE_inner
    defsig.o(CL$$defsig) refers to defsig_rtmem_inner.o(.text) for __rt_SIGRTMEM_inner
    _get_argv_nomalloc.o(.text) refers (Special) to hrguard.o(.text) for __heap_region$guard
    _get_argv_nomalloc.o(.text) refers to defsig_rtmem_outer.o(.text) for __rt_SIGRTMEM
    _get_argv_nomalloc.o(.text) refers to sys_command.o(.text) for _sys_command_string
    libshutdown.o(.ARM.Collect$$libshutdown$$00000000) refers (Special) to libshutdown2.o(.ARM.Collect$$libshutdown$$00000002) for __rt_lib_shutdown_cpp_1
    libshutdown.o(.ARM.Collect$$libshutdown$$00000000) refers (Special) to libshutdown2.o(.ARM.Collect$$libshutdown$$00000007) for __rt_lib_shutdown_fp_trap_1
    libshutdown.o(.ARM.Collect$$libshutdown$$00000000) refers (Special) to libshutdown2.o(.ARM.Collect$$libshutdown$$0000000F) for __rt_lib_shutdown_heap_1
    libshutdown.o(.ARM.Collect$$libshutdown$$00000000) refers (Special) to libshutdown2.o(.ARM.Collect$$libshutdown$$00000010) for __rt_lib_shutdown_return
    libshutdown.o(.ARM.Collect$$libshutdown$$00000000) refers (Special) to libshutdown2.o(.ARM.Collect$$libshutdown$$0000000A) for __rt_lib_shutdown_signal_1
    libshutdown.o(.ARM.Collect$$libshutdown$$00000000) refers (Special) to libshutdown2.o(.ARM.Collect$$libshutdown$$00000004) for __rt_lib_shutdown_stdio_1
    libshutdown.o(.ARM.Collect$$libshutdown$$00000000) refers (Special) to libshutdown2.o(.ARM.Collect$$libshutdown$$0000000C) for __rt_lib_shutdown_user_alloc_1
    sys_command.o(.text) refers (Special) to use_no_semi.o(.text) for __I$use$semihosting
    sys_command.o(.text) refers (Special) to indicate_semi.o(.text) for __semihosting_library_function
    defsig_abrt_inner.o(.text) refers to defsig_general.o(.text) for __default_signal_display
    defsig_rtred_inner.o(.text) refers to defsig_general.o(.text) for __default_signal_display
    defsig_rtmem_inner.o(.text) refers to defsig_general.o(.text) for __default_signal_display
    defsig_rtmem_outer.o(.text) refers to defsig_rtmem_inner.o(.text) for __rt_SIGRTMEM_inner
    defsig_rtmem_outer.o(.text) refers to defsig_exit.o(.text) for __sig_exit
    defsig_rtmem_formal.o(.text) refers to rt_raise.o(.text) for __rt_raise
    defsig_stak_inner.o(.text) refers to defsig_general.o(.text) for __default_signal_display
    defsig_pvfn_inner.o(.text) refers to defsig_general.o(.text) for __default_signal_display
    defsig_cppl_inner.o(.text) refers to defsig_general.o(.text) for __default_signal_display
    defsig_segv_inner.o(.text) refers to defsig_general.o(.text) for __default_signal_display
    defsig_other.o(.text) refers to defsig_general.o(.text) for __default_signal_display


==============================================================================

Removing Unused input sections from the image.

    Removing adc0.o(.rev16_text), (4 bytes).
    Removing adc0.o(.revsh_text), (4 bytes).
    Removing adc16.o(.rev16_text), (4 bytes).
    Removing adc16.o(.revsh_text), (4 bytes).
    Removing adc16.o(i.ADC_Read_Cal), (132 bytes).
    Removing timers.o(.rev16_text), (4 bytes).
    Removing timers.o(.revsh_text), (4 bytes).
    Removing timers.o(i.Stop_PIT), (20 bytes).
    Removing uart.o(.rev16_text), (4 bytes).
    Removing uart.o(.revsh_text), (4 bytes).
    Removing uart.o(i.uart0_getchar), (24 bytes).
    Removing uart.o(i.uart0_getchar_present), (16 bytes).
    Removing uart.o(i.uart0_putchar), (24 bytes).
    Removing test.o(.rev16_text), (4 bytes).
    Removing test.o(.revsh_text), (4 bytes).
    Removing test.o(i.printBuffer), (52 bytes).
    Removing test.o(i.put), (22 bytes).
    Removing system_mkl25z4.o(.rev16_text), (4 bytes).
    Removing system_mkl25z4.o(.revsh_text), (4 bytes).
    Removing system_mkl25z4.o(i.SystemCoreClockUpdate), (348 bytes).
    Removing system_mkl25z4.o(.data), (4 bytes).
    Removing system_mkl25z4.o(i.__ARM_common_switch8), (28 bytes).

22 unused section(s) (total 718 bytes) removed from the image.

==============================================================================

Image Symbol Table

    Local Symbols

    Symbol Name                              Value     Ov Type        Size  Object(Section)

    RESET                                    0x00000000   Section      192  startup_mkl25z4.o(RESET)
    ../clib/angel/boardlib.s                 0x00000000   Number         0  boardinit1.o ABSOLUTE
    ../clib/angel/boardlib.s                 0x00000000   Number         0  boardinit2.o ABSOLUTE
    ../clib/angel/boardlib.s                 0x00000000   Number         0  boardinit3.o ABSOLUTE
    ../clib/angel/boardlib.s                 0x00000000   Number         0  boardshut.o ABSOLUTE
    ../clib/angel/handlers.s                 0x00000000   Number         0  __scatter_zi.o ABSOLUTE
    ../clib/angel/handlers.s                 0x00000000   Number         0  __scatter_copy.o ABSOLUTE
    ../clib/angel/kernel.s                   0x00000000   Number         0  rtexit.o ABSOLUTE
    ../clib/angel/kernel.s                   0x00000000   Number         0  __rtentry2.o ABSOLUTE
    ../clib/angel/kernel.s                   0x00000000   Number         0  __rtentry4.o ABSOLUTE
    ../clib/angel/kernel.s                   0x00000000   Number         0  rtexit2.o ABSOLUTE
    ../clib/angel/kernel.s                   0x00000000   Number         0  __rtentry.o ABSOLUTE
    ../clib/angel/rt.s                       0x00000000   Number         0  rt_div0.o ABSOLUTE
    ../clib/angel/rt.s                       0x00000000   Number         0  aeabi_idiv0_sigfpe.o ABSOLUTE
    ../clib/angel/rt.s                       0x00000000   Number         0  aeabi_idiv0.o ABSOLUTE
    ../clib/angel/rt.s                       0x00000000   Number         0  rt_raise.o ABSOLUTE
    ../clib/angel/scatterp.s                 0x00000000   Number         0  __scatter.o ABSOLUTE
    ../clib/angel/startup.s                  0x00000000   Number         0  __main.o ABSOLUTE
    ../clib/angel/sys.s                      0x00000000   Number         0  sys_stackheap_outer.o ABSOLUTE
    ../clib/angel/sys.s                      0x00000000   Number         0  libspace.o ABSOLUTE
    ../clib/angel/sys.s                      0x00000000   Number         0  tempstk.o ABSOLUTE
    ../clib/angel/sys.s                      0x00000000   Number         0  indicate_semi.o ABSOLUTE
    ../clib/angel/sys.s                      0x00000000   Number         0  use_no_semi.o ABSOLUTE
    ../clib/angel/sysapp.c                   0x00000000   Number         0  sys_wrch.o ABSOLUTE
    ../clib/angel/sysapp.c                   0x00000000   Number         0  sys_command.o ABSOLUTE
    ../clib/angel/sysapp.c                   0x00000000   Number         0  sys_exit.o ABSOLUTE
    ../clib/armsys.c                         0x00000000   Number         0  no_argv.o ABSOLUTE
    ../clib/armsys.c                         0x00000000   Number         0  _get_argv_nomalloc.o ABSOLUTE
    ../clib/armsys.c                         0x00000000   Number         0  argv_veneer.o ABSOLUTE
    ../clib/division.s                       0x00000000   Number         0  aeabi_sdiv.o ABSOLUTE
    ../clib/division.s                       0x00000000   Number         0  aeabi_sdiv_div0.o ABSOLUTE
    ../clib/heapalloc.c                      0x00000000   Number         0  hrguard.o ABSOLUTE
    ../clib/heapaux.c                        0x00000000   Number         0  heapauxi.o ABSOLUTE
    ../clib/libinit.s                        0x00000000   Number         0  libinit.o ABSOLUTE
    ../clib/libinit.s                        0x00000000   Number         0  libshutdown.o ABSOLUTE
    ../clib/libinit.s                        0x00000000   Number         0  libshutdown2.o ABSOLUTE
    ../clib/libinit.s                        0x00000000   Number         0  libinit2.o ABSOLUTE
    ../clib/signal.c                         0x00000000   Number         0  defsig_general.o ABSOLUTE
    ../clib/signal.c                         0x00000000   Number         0  defsig_segv_inner.o ABSOLUTE
    ../clib/signal.c                         0x00000000   Number         0  __raise.o ABSOLUTE
    ../clib/signal.c                         0x00000000   Number         0  defsig_rtred_inner.o ABSOLUTE
    ../clib/signal.c                         0x00000000   Number         0  defsig_cppl_inner.o ABSOLUTE
    ../clib/signal.c                         0x00000000   Number         0  defsig_pvfn_inner.o ABSOLUTE
    ../clib/signal.c                         0x00000000   Number         0  defsig_fpe_inner.o ABSOLUTE
    ../clib/signal.c                         0x00000000   Number         0  defsig_exit.o ABSOLUTE
    ../clib/signal.c                         0x00000000   Number         0  defsig_stak_inner.o ABSOLUTE
    ../clib/signal.c                         0x00000000   Number         0  defsig_rtmem_formal.o ABSOLUTE
    ../clib/signal.c                         0x00000000   Number         0  defsig_rtmem_outer.o ABSOLUTE
    ../clib/signal.c                         0x00000000   Number         0  defsig_rtmem_inner.o ABSOLUTE
    ../clib/signal.c                         0x00000000   Number         0  defsig_fpe_formal.o ABSOLUTE
    ../clib/signal.c                         0x00000000   Number         0  defsig_fpe_outer.o ABSOLUTE
    ../clib/signal.c                         0x00000000   Number         0  defsig_abrt_inner.o ABSOLUTE
    ../clib/signal.c                         0x00000000   Number         0  defsig_other.o ABSOLUTE
    ../clib/signal.s                         0x00000000   Number         0  defsig.o ABSOLUTE
    ../clib/stdlib.c                         0x00000000   Number         0  exit.o ABSOLUTE
    ../fplib/cfplib/cmpret.c                 0x00000000   Number         0  cmpret.o ABSOLUTE
    ../fplib/cfplib/d2f.c                    0x00000000   Number         0  d2f.o ABSOLUTE
    ../fplib/cfplib/daddsub.c                0x00000000   Number         0  daddsub.o ABSOLUTE
    ../fplib/cfplib/dcmpin.c                 0x00000000   Number         0  dcmpin.o ABSOLUTE
    ../fplib/cfplib/ddiv.c                   0x00000000   Number         0  ddiv.o ABSOLUTE
    ../fplib/cfplib/dmul.c                   0x00000000   Number         0  dmul.o ABSOLUTE
    ../fplib/cfplib/f2d.c                    0x00000000   Number         0  f2d.o ABSOLUTE
    ../fplib/cfplib/fcmpin.c                 0x00000000   Number         0  fcmpin.o ABSOLUTE
    ../fplib/cfplib/ffix.c                   0x00000000   Number         0  dfixui.o ABSOLUTE
    ../fplib/cfplib/ffix.c                   0x00000000   Number         0  ffixui.o ABSOLUTE
    ../fplib/cfplib/fflt.c                   0x00000000   Number         0  fflti.o ABSOLUTE
    ../fplib/cfplib/fflt.c                   0x00000000   Number         0  dflti.o ABSOLUTE
    ../fplib/cfplib/fpinit.c                 0x00000000   Number         0  fpinit.o ABSOLUTE
    ../fplib/cfplib/nan2.c                   0x00000000   Number         0  dnan2.o ABSOLUTE
    ../fplib/cfplib/nan2.c                   0x00000000   Number         0  fnan2.o ABSOLUTE
    ../fplib/cfplib/retnan.c                 0x00000000   Number         0  retnan.o ABSOLUTE
    ../fplib/drleqf6m.s                      0x00000000   Number         0  drlef.o ABSOLUTE
    ../fplib/faddsub6m.s                     0x00000000   Number         0  faddsub.o ABSOLUTE
    ../fplib/fleqf6m.s                       0x00000000   Number         0  flef.o ABSOLUTE
    ../fplib/fmul6m.s                        0x00000000   Number         0  fmul.o ABSOLUTE
    ../fplib/frleqf6m.s                      0x00000000   Number         0  frlef.o ABSOLUTE
    ../fplib/usenofp.s                       0x00000000   Number         0  usenofp.o ABSOLUTE
    RTE\Device\MKL25Z128xxx4\startup_MKL25Z4.s 0x00000000   Number         0  startup_mkl25z4.o ABSOLUTE
    RTE\Device\MKL25Z128xxx4\system_MKL25Z4.c 0x00000000   Number         0  system_mkl25z4.o ABSOLUTE
    RTE\\Device\\MKL25Z128xxx4\\system_MKL25Z4.c 0x00000000   Number         0  system_mkl25z4.o ABSOLUTE
    Test.c                                   0x00000000   Number         0  test.o ABSOLUTE
    Test.c                                   0x00000000   Number         0  test.o ABSOLUTE
    adc0.c                                   0x00000000   Number         0  adc0.o ABSOLUTE
    adc0.c                                   0x00000000   Number         0  adc0.o ABSOLUTE
    adc16.c                                  0x00000000   Number         0  adc16.o ABSOLUTE
    adc16.c                                  0x00000000   Number         0  adc16.o ABSOLUTE
    dc.s                                     0x00000000   Number         0  dc.o ABSOLUTE
    timers.c                                 0x00000000   Number         0  timers.o ABSOLUTE
    timers.c                                 0x00000000   Number         0  timers.o ABSOLUTE
    uart.c                                   0x00000000   Number         0  uart.o ABSOLUTE
    uart.c                                   0x00000000   Number         0  uart.o ABSOLUTE
    !!!main                                  0x000000c0   Section        8  __main.o(!!!main)
    !!!scatter                               0x000000c8   Section       60  __scatter.o(!!!scatter)
    !!handler_copy                           0x00000104   Section       26  __scatter_copy.o(!!handler_copy)
    !!handler_zi                             0x00000120   Section       28  __scatter_zi.o(!!handler_zi)
    .ARM.Collect$$libinit$$00000000          0x0000013c   Section        2  libinit.o(.ARM.Collect$$libinit$$00000000)
    .ARM.Collect$$libinit$$00000002          0x0000013e   Section        0  libinit2.o(.ARM.Collect$$libinit$$00000002)
    .ARM.Collect$$libinit$$00000004          0x0000013e   Section        0  libinit2.o(.ARM.Collect$$libinit$$00000004)
    .ARM.Collect$$libinit$$0000000A          0x0000013e   Section        0  libinit2.o(.ARM.Collect$$libinit$$0000000A)
    .ARM.Collect$$libinit$$0000000C          0x0000013e   Section        0  libinit2.o(.ARM.Collect$$libinit$$0000000C)
    .ARM.Collect$$libinit$$0000000E          0x0000013e   Section        0  libinit2.o(.ARM.Collect$$libinit$$0000000E)
    .ARM.Collect$$libinit$$00000011          0x0000013e   Section        0  libinit2.o(.ARM.Collect$$libinit$$00000011)
    .ARM.Collect$$libinit$$00000013          0x0000013e   Section        0  libinit2.o(.ARM.Collect$$libinit$$00000013)
    .ARM.Collect$$libinit$$00000015          0x0000013e   Section        0  libinit2.o(.ARM.Collect$$libinit$$00000015)
    .ARM.Collect$$libinit$$00000017          0x0000013e   Section        0  libinit2.o(.ARM.Collect$$libinit$$00000017)
    .ARM.Collect$$libinit$$00000019          0x0000013e   Section        0  libinit2.o(.ARM.Collect$$libinit$$00000019)
    .ARM.Collect$$libinit$$0000001B          0x0000013e   Section        0  libinit2.o(.ARM.Collect$$libinit$$0000001B)
    .ARM.Collect$$libinit$$0000001D          0x0000013e   Section        0  libinit2.o(.ARM.Collect$$libinit$$0000001D)
    .ARM.Collect$$libinit$$0000001F          0x0000013e   Section        0  libinit2.o(.ARM.Collect$$libinit$$0000001F)
    .ARM.Collect$$libinit$$00000021          0x0000013e   Section        0  libinit2.o(.ARM.Collect$$libinit$$00000021)
    .ARM.Collect$$libinit$$00000023          0x0000013e   Section        0  libinit2.o(.ARM.Collect$$libinit$$00000023)
    .ARM.Collect$$libinit$$00000025          0x0000013e   Section        0  libinit2.o(.ARM.Collect$$libinit$$00000025)
    .ARM.Collect$$libinit$$0000002C          0x0000013e   Section        0  libinit2.o(.ARM.Collect$$libinit$$0000002C)
    .ARM.Collect$$libinit$$0000002E          0x0000013e   Section        0  libinit2.o(.ARM.Collect$$libinit$$0000002E)
    .ARM.Collect$$libinit$$00000030          0x0000013e   Section        0  libinit2.o(.ARM.Collect$$libinit$$00000030)
    .ARM.Collect$$libinit$$00000032          0x0000013e   Section        0  libinit2.o(.ARM.Collect$$libinit$$00000032)
    .ARM.Collect$$libinit$$00000033          0x0000013e   Section        2  libinit2.o(.ARM.Collect$$libinit$$00000033)
    .ARM.Collect$$libshutdown$$00000000      0x00000140   Section        2  libshutdown.o(.ARM.Collect$$libshutdown$$00000000)
    .ARM.Collect$$libshutdown$$00000002      0x00000142   Section        0  libshutdown2.o(.ARM.Collect$$libshutdown$$00000002)
    .ARM.Collect$$libshutdown$$00000004      0x00000142   Section        0  libshutdown2.o(.ARM.Collect$$libshutdown$$00000004)
    .ARM.Collect$$libshutdown$$00000007      0x00000142   Section        0  libshutdown2.o(.ARM.Collect$$libshutdown$$00000007)
    .ARM.Collect$$libshutdown$$0000000A      0x00000142   Section        0  libshutdown2.o(.ARM.Collect$$libshutdown$$0000000A)
    .ARM.Collect$$libshutdown$$0000000C      0x00000142   Section        0  libshutdown2.o(.ARM.Collect$$libshutdown$$0000000C)
    .ARM.Collect$$libshutdown$$0000000F      0x00000142   Section        0  libshutdown2.o(.ARM.Collect$$libshutdown$$0000000F)
    .ARM.Collect$$libshutdown$$00000010      0x00000142   Section        2  libshutdown2.o(.ARM.Collect$$libshutdown$$00000010)
    .ARM.Collect$$rtentry$$00000000          0x00000144   Section        0  __rtentry.o(.ARM.Collect$$rtentry$$00000000)
    .ARM.Collect$$rtentry$$00000002          0x00000144   Section        0  __rtentry2.o(.ARM.Collect$$rtentry$$00000002)
    .ARM.Collect$$rtentry$$00000004          0x00000144   Section        6  __rtentry4.o(.ARM.Collect$$rtentry$$00000004)
    .ARM.Collect$$rtentry$$00000009          0x0000014a   Section        0  __rtentry2.o(.ARM.Collect$$rtentry$$00000009)
    .ARM.Collect$$rtentry$$0000000A          0x0000014a   Section        4  __rtentry2.o(.ARM.Collect$$rtentry$$0000000A)
    .ARM.Collect$$rtentry$$0000000C          0x0000014e   Section        0  __rtentry2.o(.ARM.Collect$$rtentry$$0000000C)
    .ARM.Collect$$rtentry$$0000000D          0x0000014e   Section        8  __rtentry2.o(.ARM.Collect$$rtentry$$0000000D)
    .ARM.Collect$$rtexit$$00000000           0x00000156   Section        2  rtexit.o(.ARM.Collect$$rtexit$$00000000)
    .ARM.Collect$$rtexit$$00000002           0x00000158   Section        0  rtexit2.o(.ARM.Collect$$rtexit$$00000002)
    .ARM.Collect$$rtexit$$00000003           0x00000158   Section        4  rtexit2.o(.ARM.Collect$$rtexit$$00000003)
    .ARM.Collect$$rtexit$$00000004           0x0000015c   Section        6  rtexit2.o(.ARM.Collect$$rtexit$$00000004)
    .text                                    0x00000164   Section       56  startup_mkl25z4.o(.text)
    .text                                    0x0000019c   Section      346  aeabi_sdiv.o(.text)
    .text                                    0x000002f6   Section        0  heapauxi.o(.text)
    .text                                    0x000002fc   Section        0  d2f.o(.text)
    .text                                    0x00000378   Section        0  dfixui.o(.text)
    .text                                    0x000003c0   Section        0  ffixui.o(.text)
    .text                                    0x000003f0   Section        0  fnan2.o(.text)
    .ARM.__at_0x400                          0x00000400   Section       16  startup_mkl25z4.o(.ARM.__at_0x400)
    .text                                    0x00000410   Section        0  daddsub.o(.text)
    _dadd1                                   0x00000411   Thumb Code   290  daddsub.o(.text)
    _dsub1                                   0x00000533   Thumb Code   470  daddsub.o(.text)
    .text                                    0x00000768   Section        0  ddiv.o(.text)
    .text                                    0x00000bb0   Section        0  dflti.o(.text)
    .text                                    0x00000c08   Section        0  dmul.o(.text)
    .text                                    0x00000e50   Section        0  f2d.o(.text)
    .text                                    0x00000ea4   Section        0  fflti.o(.text)
    .text                                    0x00000f04   Section        0  dcmpin.o(.text)
    .text                                    0x00000f94   Section        0  fcmpin.o(.text)
    .text                                    0x00000ff8   Section        0  cmpret.o(.text)
    .text                                    0x00001028   Section        0  dnan2.o(.text)
    .text                                    0x0000103c   Section       62  sys_stackheap_outer.o(.text)
    .text                                    0x0000107a   Section        0  exit.o(.text)
    .text                                    0x0000108a   Section        0  retnan.o(.text)
    .text                                    0x000010e8   Section        8  libspace.o(.text)
    .text                                    0x000010f0   Section        0  sys_exit.o(.text)
    .text                                    0x000010fc   Section        2  use_no_semi.o(.text)
    .text                                    0x000010fe   Section        0  indicate_semi.o(.text)
    i.ADC0_IRQHandler                        0x00001100   Section        0  test.o(i.ADC0_IRQHandler)
    i.ADC_Cal                                0x000011c0   Section        0  adc16.o(i.ADC_Cal)
    i.ADC_Config_Alt                         0x000012b8   Section        0  adc16.o(i.ADC_Config_Alt)
    i.Init_ADC                               0x000012e0   Section        0  test.o(i.Init_ADC)
    i.Init_PIT                               0x0000130c   Section        0  timers.o(i.Init_PIT)
    i.Init_PWM                               0x00001390   Section        0  test.o(i.Init_PWM)
    i.LED_Initialize                         0x00001478   Section        0  test.o(i.LED_Initialize)
    i.NVIC_ClearPendingIRQ                   0x000015a4   Section        0  test.o(i.NVIC_ClearPendingIRQ)
    NVIC_ClearPendingIRQ                     0x000015a5   Thumb Code    14  test.o(i.NVIC_ClearPendingIRQ)
    i.NVIC_EnableIRQ                         0x000015b8   Section        0  test.o(i.NVIC_EnableIRQ)
    NVIC_EnableIRQ                           0x000015b9   Thumb Code    14  test.o(i.NVIC_EnableIRQ)
    i.NVIC_SetPriority                       0x000015cc   Section        0  timers.o(i.NVIC_SetPriority)
    NVIC_SetPriority                         0x000015cd   Thumb Code   110  timers.o(i.NVIC_SetPriority)
    i.NVIC_SetPriority                       0x00001644   Section        0  test.o(i.NVIC_SetPriority)
    NVIC_SetPriority                         0x00001645   Thumb Code   110  test.o(i.NVIC_SetPriority)
    i.PIT_IRQHandler                         0x000016bc   Section        0  test.o(i.PIT_IRQHandler)
    i.Start_PIT                              0x00001724   Section        0  timers.o(i.Start_PIT)
    i.SystemInit                             0x00001738   Section        0  system_mkl25z4.o(i.SystemInit)
    i.TPM1_IRQHandler                        0x000017fc   Section        0  test.o(i.TPM1_IRQHandler)
    i.UART0_IRQHandler                       0x0000182c   Section        0  uart.o(i.UART0_IRQHandler)
    i.getDir                                 0x00001860   Section        0  test.o(i.getDir)
    i.init_ADC0                              0x00001afc   Section        0  adc0.o(i.init_ADC0)
    i.main                                   0x00001b50   Section        0  test.o(i.main)
    i.uart0_init                             0x00001be0   Section        0  uart.o(i.uart0_init)
    x$fpl$drleqf                             0x00001d50   Section      104  drlef.o(x$fpl$drleqf)
    x$fpl$fadd                               0x00001db8   Section      140  faddsub.o(x$fpl$fadd)
    _fadd1                                   0x00001dc5   Thumb Code     0  faddsub.o(x$fpl$fadd)
    x$fpl$fleqf                              0x00001e44   Section       84  flef.o(x$fpl$fleqf)
    x$fpl$fmul                               0x00001e98   Section      176  fmul.o(x$fpl$fmul)
    x$fpl$frleqf                             0x00001f48   Section       88  frlef.o(x$fpl$frleqf)
    x$fpl$fsub                               0x00001fa0   Section      208  faddsub.o(x$fpl$fsub)
    _fsub1                                   0x00001fad   Thumb Code     0  faddsub.o(x$fpl$fsub)
    .constdata                               0x00002070   Section       16  test.o(.constdata)
    x$fpl$usenofp                            0x00002070   Section        0  usenofp.o(x$fpl$usenofp)
    .constdata                               0x00002080   Section      128  ddiv.o(.constdata)
    ddiv_reciptbl                            0x00002080   Data         128  ddiv.o(.constdata)
    .data                                    0x1ffff000   Section        4  timers.o(.data)
    .data                                    0x1ffff004   Section       41  test.o(.data)
    .bss                                     0x1ffff030   Section      256  test.o(.bss)
    .bss                                     0x1ffff130   Section       96  libspace.o(.bss)
    HEAP                                     0x1ffff190   Section     2048  startup_mkl25z4.o(HEAP)
    Heap_Mem                                 0x1ffff190   Data        2048  startup_mkl25z4.o(HEAP)
    STACK                                    0x1ffff990   Section     2048  startup_mkl25z4.o(STACK)
    Stack_Mem                                0x1ffff990   Data        2048  startup_mkl25z4.o(STACK)
    __initial_sp                             0x20000190   Data           0  startup_mkl25z4.o(STACK)

    Global Symbols

    Symbol Name                              Value     Ov Type        Size  Object(Section)

    BuildAttributes$$THM_ISAv3M$S$PE$A:L22$X:L11$S22$IEEE1$IW$USESV6$~STKCKD$USESV7$~SHL$OSPACE$ROPI$EBA8$UX$STANDARDLIB$REQ8$PRES8$EABIv2 0x00000000   Number         0  anon$$obj.o ABSOLUTE
    __ARM_use_no_argv                        0x00000000   Number         0  test.o ABSOLUTE
    __Vectors                                0x00000000   Data           4  startup_mkl25z4.o(RESET)
    __ARM_exceptions_init                     - Undefined Weak Reference
    __alloca_initialize                       - Undefined Weak Reference
    __arm_preinit_                            - Undefined Weak Reference
    __cpp_initialize__aeabi_                  - Undefined Weak Reference
    __cxa_finalize                            - Undefined Weak Reference
    __rt_locale                               - Undefined Weak Reference
    __sigvec_lookup                           - Undefined Weak Reference
    _atexit_init                              - Undefined Weak Reference
    _call_atexit_fns                          - Undefined Weak Reference
    _clock_init                               - Undefined Weak Reference
    _fp_trap_init                             - Undefined Weak Reference
    _fp_trap_shutdown                         - Undefined Weak Reference
    _get_lc_collate                           - Undefined Weak Reference
    _get_lc_ctype                             - Undefined Weak Reference
    _get_lc_monetary                          - Undefined Weak Reference
    _get_lc_numeric                           - Undefined Weak Reference
    _get_lc_time                              - Undefined Weak Reference
    _getenv_init                              - Undefined Weak Reference
    _handle_redirection                       - Undefined Weak Reference
    _init_alloc                               - Undefined Weak Reference
    _init_user_alloc                          - Undefined Weak Reference
    _initio                                   - Undefined Weak Reference
    _rand_init                                - Undefined Weak Reference
    _signal_finish                            - Undefined Weak Reference
    _signal_init                              - Undefined Weak Reference
    _terminate_alloc                          - Undefined Weak Reference
    _terminate_user_alloc                     - Undefined Weak Reference
    _terminateio                              - Undefined Weak Reference
    __Vectors_End                            0x000000c0   Data           0  startup_mkl25z4.o(RESET)
    __Vectors_Size                           0x000000c0   Number         0  startup_mkl25z4.o ABSOLUTE
    __main                                   0x000000c1   Thumb Code     8  __main.o(!!!main)
    __scatterload                            0x000000c9   Thumb Code     0  __scatter.o(!!!scatter)
    __scatterload_rt2                        0x000000c9   Thumb Code    52  __scatter.o(!!!scatter)
    __scatterload_rt2_thumb_only             0x000000c9   Thumb Code     0  __scatter.o(!!!scatter)
    __scatterload_null                       0x000000d9   Thumb Code     0  __scatter.o(!!!scatter)
    __scatterload_copy                       0x00000105   Thumb Code    26  __scatter_copy.o(!!handler_copy)
    __scatterload_zeroinit                   0x00000121   Thumb Code    28  __scatter_zi.o(!!handler_zi)
    __rt_lib_init                            0x0000013d   Thumb Code     0  libinit.o(.ARM.Collect$$libinit$$00000000)
    __rt_lib_init_alloca_1                   0x0000013f   Thumb Code     0  libinit2.o(.ARM.Collect$$libinit$$0000002E)
    __rt_lib_init_argv_1                     0x0000013f   Thumb Code     0  libinit2.o(.ARM.Collect$$libinit$$0000002C)
    __rt_lib_init_atexit_1                   0x0000013f   Thumb Code     0  libinit2.o(.ARM.Collect$$libinit$$0000001B)
    __rt_lib_init_clock_1                    0x0000013f   Thumb Code     0  libinit2.o(.ARM.Collect$$libinit$$00000021)
    __rt_lib_init_cpp_1                      0x0000013f   Thumb Code     0  libinit2.o(.ARM.Collect$$libinit$$00000032)
    __rt_lib_init_exceptions_1               0x0000013f   Thumb Code     0  libinit2.o(.ARM.Collect$$libinit$$00000030)
    __rt_lib_init_fp_1                       0x0000013f   Thumb Code     0  libinit2.o(.ARM.Collect$$libinit$$00000002)
    __rt_lib_init_fp_trap_1                  0x0000013f   Thumb Code     0  libinit2.o(.ARM.Collect$$libinit$$0000001F)
    __rt_lib_init_getenv_1                   0x0000013f   Thumb Code     0  libinit2.o(.ARM.Collect$$libinit$$00000023)
    __rt_lib_init_heap_1                     0x0000013f   Thumb Code     0  libinit2.o(.ARM.Collect$$libinit$$0000000A)
    __rt_lib_init_lc_collate_1               0x0000013f   Thumb Code     0  libinit2.o(.ARM.Collect$$libinit$$00000011)
    __rt_lib_init_lc_ctype_1                 0x0000013f   Thumb Code     0  libinit2.o(.ARM.Collect$$libinit$$00000013)
    __rt_lib_init_lc_monetary_1              0x0000013f   Thumb Code     0  libinit2.o(.ARM.Collect$$libinit$$00000015)
    __rt_lib_init_lc_numeric_1               0x0000013f   Thumb Code     0  libinit2.o(.ARM.Collect$$libinit$$00000017)
    __rt_lib_init_lc_time_1                  0x0000013f   Thumb Code     0  libinit2.o(.ARM.Collect$$libinit$$00000019)
    __rt_lib_init_preinit_1                  0x0000013f   Thumb Code     0  libinit2.o(.ARM.Collect$$libinit$$00000004)
    __rt_lib_init_rand_1                     0x0000013f   Thumb Code     0  libinit2.o(.ARM.Collect$$libinit$$0000000E)
    __rt_lib_init_return                     0x0000013f   Thumb Code     0  libinit2.o(.ARM.Collect$$libinit$$00000033)
    __rt_lib_init_signal_1                   0x0000013f   Thumb Code     0  libinit2.o(.ARM.Collect$$libinit$$0000001D)
    __rt_lib_init_stdio_1                    0x0000013f   Thumb Code     0  libinit2.o(.ARM.Collect$$libinit$$00000025)
    __rt_lib_init_user_alloc_1               0x0000013f   Thumb Code     0  libinit2.o(.ARM.Collect$$libinit$$0000000C)
    __rt_lib_shutdown                        0x00000141   Thumb Code     0  libshutdown.o(.ARM.Collect$$libshutdown$$00000000)
    __rt_lib_shutdown_cpp_1                  0x00000143   Thumb Code     0  libshutdown2.o(.ARM.Collect$$libshutdown$$00000002)
    __rt_lib_shutdown_fp_trap_1              0x00000143   Thumb Code     0  libshutdown2.o(.ARM.Collect$$libshutdown$$00000007)
    __rt_lib_shutdown_heap_1                 0x00000143   Thumb Code     0  libshutdown2.o(.ARM.Collect$$libshutdown$$0000000F)
    __rt_lib_shutdown_return                 0x00000143   Thumb Code     0  libshutdown2.o(.ARM.Collect$$libshutdown$$00000010)
    __rt_lib_shutdown_signal_1               0x00000143   Thumb Code     0  libshutdown2.o(.ARM.Collect$$libshutdown$$0000000A)
    __rt_lib_shutdown_stdio_1                0x00000143   Thumb Code     0  libshutdown2.o(.ARM.Collect$$libshutdown$$00000004)
    __rt_lib_shutdown_user_alloc_1           0x00000143   Thumb Code     0  libshutdown2.o(.ARM.Collect$$libshutdown$$0000000C)
    __rt_entry                               0x00000145   Thumb Code     0  __rtentry.o(.ARM.Collect$$rtentry$$00000000)
    __rt_entry_presh_1                       0x00000145   Thumb Code     0  __rtentry2.o(.ARM.Collect$$rtentry$$00000002)
    __rt_entry_sh                            0x00000145   Thumb Code     0  __rtentry4.o(.ARM.Collect$$rtentry$$00000004)
    __rt_entry_li                            0x0000014b   Thumb Code     0  __rtentry2.o(.ARM.Collect$$rtentry$$0000000A)
    __rt_entry_postsh_1                      0x0000014b   Thumb Code     0  __rtentry2.o(.ARM.Collect$$rtentry$$00000009)
    __rt_entry_main                          0x0000014f   Thumb Code     0  __rtentry2.o(.ARM.Collect$$rtentry$$0000000D)
    __rt_entry_postli_1                      0x0000014f   Thumb Code     0  __rtentry2.o(.ARM.Collect$$rtentry$$0000000C)
    __rt_exit                                0x00000157   Thumb Code     0  rtexit.o(.ARM.Collect$$rtexit$$00000000)
    __rt_exit_ls                             0x00000159   Thumb Code     0  rtexit2.o(.ARM.Collect$$rtexit$$00000003)
    __rt_exit_prels_1                        0x00000159   Thumb Code     0  rtexit2.o(.ARM.Collect$$rtexit$$00000002)
    __rt_exit_exit                           0x0000015d   Thumb Code     0  rtexit2.o(.ARM.Collect$$rtexit$$00000004)
    Reset_Handler                            0x00000165   Thumb Code     8  startup_mkl25z4.o(.text)
    NMI_Handler                              0x0000016d   Thumb Code     2  startup_mkl25z4.o(.text)
    HardFault_Handler                        0x0000016f   Thumb Code     2  startup_mkl25z4.o(.text)
    SVC_Handler                              0x00000171   Thumb Code     2  startup_mkl25z4.o(.text)
    PendSV_Handler                           0x00000173   Thumb Code     2  startup_mkl25z4.o(.text)
    SysTick_Handler                          0x00000175   Thumb Code     2  startup_mkl25z4.o(.text)
    CMP0_IRQHandler                          0x00000177   Thumb Code     0  startup_mkl25z4.o(.text)
    DAC0_IRQHandler                          0x00000177   Thumb Code     0  startup_mkl25z4.o(.text)
    DMA0_IRQHandler                          0x00000177   Thumb Code     0  startup_mkl25z4.o(.text)
    DMA1_IRQHandler                          0x00000177   Thumb Code     0  startup_mkl25z4.o(.text)
    DMA2_IRQHandler                          0x00000177   Thumb Code     0  startup_mkl25z4.o(.text)
    DMA3_IRQHandler                          0x00000177   Thumb Code     0  startup_mkl25z4.o(.text)
    DefaultISR                               0x00000177   Thumb Code     0  startup_mkl25z4.o(.text)
    FTFA_IRQHandler                          0x00000177   Thumb Code     0  startup_mkl25z4.o(.text)
    I2C0_IRQHandler                          0x00000177   Thumb Code     0  startup_mkl25z4.o(.text)
    I2C1_IRQHandler                          0x00000177   Thumb Code     0  startup_mkl25z4.o(.text)
    LLW_IRQHandler                           0x00000177   Thumb Code     0  startup_mkl25z4.o(.text)
    LPTimer_IRQHandler                       0x00000177   Thumb Code     0  startup_mkl25z4.o(.text)
    LVD_LVW_IRQHandler                       0x00000177   Thumb Code     0  startup_mkl25z4.o(.text)
    MCG_IRQHandler                           0x00000177   Thumb Code     0  startup_mkl25z4.o(.text)
    PORTA_IRQHandler                         0x00000177   Thumb Code     0  startup_mkl25z4.o(.text)
    PORTD_IRQHandler                         0x00000177   Thumb Code     0  startup_mkl25z4.o(.text)
    RTC_IRQHandler                           0x00000177   Thumb Code     0  startup_mkl25z4.o(.text)
    RTC_Seconds_IRQHandler                   0x00000177   Thumb Code     0  startup_mkl25z4.o(.text)
    Reserved20_IRQHandler                    0x00000177   Thumb Code     0  startup_mkl25z4.o(.text)
    Reserved39_IRQHandler                    0x00000177   Thumb Code     0  startup_mkl25z4.o(.text)
    Reserved45_IRQHandler                    0x00000177   Thumb Code     0  startup_mkl25z4.o(.text)
    SPI0_IRQHandler                          0x00000177   Thumb Code     0  startup_mkl25z4.o(.text)
    SPI1_IRQHandler                          0x00000177   Thumb Code     0  startup_mkl25z4.o(.text)
    TPM0_IRQHandler                          0x00000177   Thumb Code     0  startup_mkl25z4.o(.text)
    TPM2_IRQHandler                          0x00000177   Thumb Code     0  startup_mkl25z4.o(.text)
    TSI0_IRQHandler                          0x00000177   Thumb Code     0  startup_mkl25z4.o(.text)
    UART1_IRQHandler                         0x00000177   Thumb Code     0  startup_mkl25z4.o(.text)
    UART2_IRQHandler                         0x00000177   Thumb Code     0  startup_mkl25z4.o(.text)
    USB0_IRQHandler                          0x00000177   Thumb Code     0  startup_mkl25z4.o(.text)
    __user_initial_stackheap                 0x00000179   Thumb Code     0  startup_mkl25z4.o(.text)
    __aeabi_uidiv                            0x0000019d   Thumb Code     0  aeabi_sdiv.o(.text)
    __aeabi_uidivmod                         0x0000019d   Thumb Code    20  aeabi_sdiv.o(.text)
    __aeabi_idiv                             0x000001b1   Thumb Code     0  aeabi_sdiv.o(.text)
    __aeabi_idivmod                          0x000001b1   Thumb Code   326  aeabi_sdiv.o(.text)
    __use_two_region_memory                  0x000002f7   Thumb Code     2  heapauxi.o(.text)
    __rt_heap_escrow$2region                 0x000002f9   Thumb Code     2  heapauxi.o(.text)
    __rt_heap_expand$2region                 0x000002fb   Thumb Code     2  heapauxi.o(.text)
    __aeabi_d2f                              0x000002fd   Thumb Code     0  d2f.o(.text)
    _d2f                                     0x000002fd   Thumb Code   120  d2f.o(.text)
    __aeabi_d2uiz                            0x00000379   Thumb Code     0  dfixui.o(.text)
    _dfixu                                   0x00000379   Thumb Code    68  dfixui.o(.text)
    __aeabi_f2uiz                            0x000003c1   Thumb Code     0  ffixui.o(.text)
    _ffixu                                   0x000003c1   Thumb Code    48  ffixui.o(.text)
    __fpl_fcheck_NaN2                        0x000003f1   Thumb Code    10  fnan2.o(.text)
    __aeabi_dadd                             0x00000709   Thumb Code     0  daddsub.o(.text)
    _dadd                                    0x00000709   Thumb Code    26  daddsub.o(.text)
    __aeabi_dsub                             0x00000723   Thumb Code     0  daddsub.o(.text)
    _dsub                                    0x00000723   Thumb Code    22  daddsub.o(.text)
    __aeabi_drsub                            0x00000739   Thumb Code     0  daddsub.o(.text)
    _drsb                                    0x00000739   Thumb Code    28  daddsub.o(.text)
    __aeabi_ddiv                             0x00000769   Thumb Code     0  ddiv.o(.text)
    _ddiv                                    0x00000769   Thumb Code  1072  ddiv.o(.text)
    _drdiv                                   0x00000b99   Thumb Code    20  ddiv.o(.text)
    __aeabi_i2d_normalise                    0x00000bb1   Thumb Code    66  dflti.o(.text)
    __aeabi_i2d                              0x00000bf3   Thumb Code    16  dflti.o(.text)
    _dflt                                    0x00000bf3   Thumb Code     0  dflti.o(.text)
    __aeabi_ui2d                             0x00000c03   Thumb Code     6  dflti.o(.text)
    _dfltu                                   0x00000c03   Thumb Code     0  dflti.o(.text)
    __aeabi_dmul                             0x00000c09   Thumb Code     0  dmul.o(.text)
    _dmul                                    0x00000c09   Thumb Code   558  dmul.o(.text)
    __aeabi_f2d                              0x00000e51   Thumb Code     0  f2d.o(.text)
    _f2d                                     0x00000e51   Thumb Code    80  f2d.o(.text)
    __aeabi_i2f_normalise                    0x00000ea5   Thumb Code    72  fflti.o(.text)
    __aeabi_i2f                              0x00000eed   Thumb Code    16  fflti.o(.text)
    _fflt                                    0x00000eed   Thumb Code     0  fflti.o(.text)
    __aeabi_ui2f                             0x00000efd   Thumb Code     6  fflti.o(.text)
    _ffltu                                   0x00000efd   Thumb Code     0  fflti.o(.text)
    __fpl_dcmp_InfNaN                        0x00000f05   Thumb Code   140  dcmpin.o(.text)
    __fpl_fcmp_InfNaN                        0x00000f95   Thumb Code    96  fcmpin.o(.text)
    __fpl_cmpreturn                          0x00000ff9   Thumb Code    46  cmpret.o(.text)
    __fpl_dcheck_NaN2                        0x00001029   Thumb Code    14  dnan2.o(.text)
    __user_setup_stackheap                   0x0000103d   Thumb Code    62  sys_stackheap_outer.o(.text)
    exit                                     0x0000107b   Thumb Code    16  exit.o(.text)
    __fpl_return_NaN                         0x0000108b   Thumb Code    94  retnan.o(.text)
    __user_libspace                          0x000010e9   Thumb Code     8  libspace.o(.text)
    __user_perproc_libspace                  0x000010e9   Thumb Code     0  libspace.o(.text)
    __user_perthread_libspace                0x000010e9   Thumb Code     0  libspace.o(.text)
    _sys_exit                                0x000010f1   Thumb Code     8  sys_exit.o(.text)
    __I$use$semihosting                      0x000010fd   Thumb Code     0  use_no_semi.o(.text)
    __use_no_semihosting_swi                 0x000010fd   Thumb Code     2  use_no_semi.o(.text)
    __semihosting_library_function           0x000010ff   Thumb Code     0  indicate_semi.o(.text)
    ADC0_IRQHandler                          0x00001101   Thumb Code   158  test.o(i.ADC0_IRQHandler)
    ADC_Cal                                  0x000011c1   Thumb Code   244  adc16.o(i.ADC_Cal)
    ADC_Config_Alt                           0x000012b9   Thumb Code    36  adc16.o(i.ADC_Config_Alt)
    Init_ADC                                 0x000012e1   Thumb Code    38  test.o(i.Init_ADC)
    Init_PIT                                 0x0000130d   Thumb Code   110  timers.o(i.Init_PIT)
    Init_PWM                                 0x00001391   Thumb Code   188  test.o(i.Init_PWM)
    LED_Initialize                           0x00001479   Thumb Code   268  test.o(i.LED_Initialize)
    PIT_IRQHandler                           0x000016bd   Thumb Code    88  test.o(i.PIT_IRQHandler)
    Start_PIT                                0x00001725   Thumb Code    14  timers.o(i.Start_PIT)
    SystemInit                               0x00001739   Thumb Code   168  system_mkl25z4.o(i.SystemInit)
    TPM1_IRQHandler                          0x000017fd   Thumb Code    40  test.o(i.TPM1_IRQHandler)
    UART0_IRQHandler                         0x0000182d   Thumb Code    46  uart.o(i.UART0_IRQHandler)
    getDir                                   0x00001861   Thumb Code   600  test.o(i.getDir)
    init_ADC0                                0x00001afd   Thumb Code    70  adc0.o(i.init_ADC0)
    main                                     0x00001b51   Thumb Code   110  test.o(i.main)
    uart0_init                               0x00001be1   Thumb Code   354  uart.o(i.uart0_init)
    __aeabi_cdrcmple                         0x00001d51   Thumb Code     0  drlef.o(x$fpl$drleqf)
    _drcmple                                 0x00001d51   Thumb Code   100  drlef.o(x$fpl$drleqf)
    __aeabi_fadd                             0x00001db9   Thumb Code     0  faddsub.o(x$fpl$fadd)
    _fadd                                    0x00001db9   Thumb Code   134  faddsub.o(x$fpl$fadd)
    __aeabi_cfcmple                          0x00001e45   Thumb Code     0  flef.o(x$fpl$fleqf)
    _fcmple                                  0x00001e45   Thumb Code    78  flef.o(x$fpl$fleqf)
    __aeabi_fmul                             0x00001e99   Thumb Code     0  fmul.o(x$fpl$fmul)
    _fmul                                    0x00001e99   Thumb Code   172  fmul.o(x$fpl$fmul)
    __aeabi_cfrcmple                         0x00001f49   Thumb Code     0  frlef.o(x$fpl$frleqf)
    _frcmple                                 0x00001f49   Thumb Code    84  frlef.o(x$fpl$frleqf)
    __aeabi_fsub                             0x00001fa1   Thumb Code     0  faddsub.o(x$fpl$fsub)
    _fsub                                    0x00001fa1   Thumb Code   204  faddsub.o(x$fpl$fsub)
    __I$use$fp                               0x00002070   Number         0  usenofp.o(x$fpl$usenofp)
    led_mask                                 0x00002070   Data          16  test.o(.constdata)
    Region$$Table$$Base                      0x00002100   Number         0  anon$$obj.o(Region$$Table)
    Region$$Table$$Limit                     0x00002120   Number         0  anon$$obj.o(Region$$Table)
    PIT_interrupt_counter                    0x1ffff000   Data           4  timers.o(.data)
    strNewLine                               0x1ffff004   Data           3  test.o(.data)
    servoPConstant                           0x1ffff008   Data           4  test.o(.data)
    servoIConstant                           0x1ffff00c   Data           4  test.o(.data)
    servoDConstant                           0x1ffff010   Data           4  test.o(.data)
    PWCenter                                 0x1ffff014   Data           2  test.o(.data)
    tempPW                                   0x1ffff016   Data           2  test.o(.data)
    midpointError                            0x1ffff018   Data           4  test.o(.data)
    i                                        0x1ffff01c   Data           1  test.o(.data)
    counterCLK                               0x1ffff01d   Data           1  test.o(.data)
    flagDone                                 0x1ffff01e   Data           1  test.o(.data)
    flagBuffer                               0x1ffff01f   Data           1  test.o(.data)
    flagSwap                                 0x1ffff020   Data           1  test.o(.data)
    PW1                                      0x1ffff022   Data           2  test.o(.data)
    PW2                                      0x1ffff024   Data           2  test.o(.data)
    PW3                                      0x1ffff026   Data           2  test.o(.data)
    prevMidPoint                             0x1ffff028   Data           4  test.o(.data)
    black                                    0x1ffff02c   Data           1  test.o(.data)
    bufferPing1                              0x1ffff030   Data         128  test.o(.bss)
    bufferPong1                              0x1ffff0b0   Data         128  test.o(.bss)
    __libspace_start                         0x1ffff130   Data          96  libspace.o(.bss)
    __temporary_stack_top$libspace           0x1ffff190   Data           0  libspace.o(.bss)



==============================================================================

Memory Map of the image

  Image Entry point : 0x000000c1

  Load Region LR_IROM1 (Base: 0x00000000, Size: 0x00002150, Max: 0x00020000, ABSOLUTE)

    Execution Region ER_IROM1 (Base: 0x00000000, Size: 0x00002120, Max: 0x00020000, ABSOLUTE)

    Base Addr    Size         Type   Attr      Idx    E Section Name        Object

    0x00000000   0x000000c0   Data   RO          281    RESET               startup_mkl25z4.o
    0x000000c0   0x00000008   Code   RO          331  * !!!main             c_p.l(__main.o)
    0x000000c8   0x0000003c   Code   RO          546    !!!scatter          c_p.l(__scatter.o)
    0x00000104   0x0000001a   Code   RO          548    !!handler_copy      c_p.l(__scatter_copy.o)
    0x0000011e   0x00000002   PAD
    0x00000120   0x0000001c   Code   RO          550    !!handler_zi        c_p.l(__scatter_zi.o)
    0x0000013c   0x00000002   Code   RO          413    .ARM.Collect$$libinit$$00000000  c_p.l(libinit.o)
    0x0000013e   0x00000000   Code   RO          429    .ARM.Collect$$libinit$$00000002  c_p.l(libinit2.o)
    0x0000013e   0x00000000   Code   RO          431    .ARM.Collect$$libinit$$00000004  c_p.l(libinit2.o)
    0x0000013e   0x00000000   Code   RO          434    .ARM.Collect$$libinit$$0000000A  c_p.l(libinit2.o)
    0x0000013e   0x00000000   Code   RO          436    .ARM.Collect$$libinit$$0000000C  c_p.l(libinit2.o)
    0x0000013e   0x00000000   Code   RO          438    .ARM.Collect$$libinit$$0000000E  c_p.l(libinit2.o)
    0x0000013e   0x00000000   Code   RO          441    .ARM.Collect$$libinit$$00000011  c_p.l(libinit2.o)
    0x0000013e   0x00000000   Code   RO          443    .ARM.Collect$$libinit$$00000013  c_p.l(libinit2.o)
    0x0000013e   0x00000000   Code   RO          445    .ARM.Collect$$libinit$$00000015  c_p.l(libinit2.o)
    0x0000013e   0x00000000   Code   RO          447    .ARM.Collect$$libinit$$00000017  c_p.l(libinit2.o)
    0x0000013e   0x00000000   Code   RO          449    .ARM.Collect$$libinit$$00000019  c_p.l(libinit2.o)
    0x0000013e   0x00000000   Code   RO          451    .ARM.Collect$$libinit$$0000001B  c_p.l(libinit2.o)
    0x0000013e   0x00000000   Code   RO          453    .ARM.Collect$$libinit$$0000001D  c_p.l(libinit2.o)
    0x0000013e   0x00000000   Code   RO          455    .ARM.Collect$$libinit$$0000001F  c_p.l(libinit2.o)
    0x0000013e   0x00000000   Code   RO          457    .ARM.Collect$$libinit$$00000021  c_p.l(libinit2.o)
    0x0000013e   0x00000000   Code   RO          459    .ARM.Collect$$libinit$$00000023  c_p.l(libinit2.o)
    0x0000013e   0x00000000   Code   RO          461    .ARM.Collect$$libinit$$00000025  c_p.l(libinit2.o)
    0x0000013e   0x00000000   Code   RO          465    .ARM.Collect$$libinit$$0000002C  c_p.l(libinit2.o)
    0x0000013e   0x00000000   Code   RO          467    .ARM.Collect$$libinit$$0000002E  c_p.l(libinit2.o)
    0x0000013e   0x00000000   Code   RO          469    .ARM.Collect$$libinit$$00000030  c_p.l(libinit2.o)
    0x0000013e   0x00000000   Code   RO          471    .ARM.Collect$$libinit$$00000032  c_p.l(libinit2.o)
    0x0000013e   0x00000002   Code   RO          472    .ARM.Collect$$libinit$$00000033  c_p.l(libinit2.o)
    0x00000140   0x00000002   Code   RO          503    .ARM.Collect$$libshutdown$$00000000  c_p.l(libshutdown.o)
    0x00000142   0x00000000   Code   RO          529    .ARM.Collect$$libshutdown$$00000002  c_p.l(libshutdown2.o)
    0x00000142   0x00000000   Code   RO          531    .ARM.Collect$$libshutdown$$00000004  c_p.l(libshutdown2.o)
    0x00000142   0x00000000   Code   RO          534    .ARM.Collect$$libshutdown$$00000007  c_p.l(libshutdown2.o)
    0x00000142   0x00000000   Code   RO          537    .ARM.Collect$$libshutdown$$0000000A  c_p.l(libshutdown2.o)
    0x00000142   0x00000000   Code   RO          539    .ARM.Collect$$libshutdown$$0000000C  c_p.l(libshutdown2.o)
    0x00000142   0x00000000   Code   RO          542    .ARM.Collect$$libshutdown$$0000000F  c_p.l(libshutdown2.o)
    0x00000142   0x00000002   Code   RO          543    .ARM.Collect$$libshutdown$$00000010  c_p.l(libshutdown2.o)
    0x00000144   0x00000000   Code   RO          366    .ARM.Collect$$rtentry$$00000000  c_p.l(__rtentry.o)
    0x00000144   0x00000000   Code   RO          377    .ARM.Collect$$rtentry$$00000002  c_p.l(__rtentry2.o)
    0x00000144   0x00000006   Code   RO          389    .ARM.Collect$$rtentry$$00000004  c_p.l(__rtentry4.o)
    0x0000014a   0x00000000   Code   RO          379    .ARM.Collect$$rtentry$$00000009  c_p.l(__rtentry2.o)
    0x0000014a   0x00000004   Code   RO          380    .ARM.Collect$$rtentry$$0000000A  c_p.l(__rtentry2.o)
    0x0000014e   0x00000000   Code   RO          382    .ARM.Collect$$rtentry$$0000000C  c_p.l(__rtentry2.o)
    0x0000014e   0x00000008   Code   RO          383    .ARM.Collect$$rtentry$$0000000D  c_p.l(__rtentry2.o)
    0x00000156   0x00000002   Code   RO          420    .ARM.Collect$$rtexit$$00000000  c_p.l(rtexit.o)
    0x00000158   0x00000000   Code   RO          476    .ARM.Collect$$rtexit$$00000002  c_p.l(rtexit2.o)
    0x00000158   0x00000004   Code   RO          477    .ARM.Collect$$rtexit$$00000003  c_p.l(rtexit2.o)
    0x0000015c   0x00000006   Code   RO          478    .ARM.Collect$$rtexit$$00000004  c_p.l(rtexit2.o)
    0x00000162   0x00000002   PAD
    0x00000164   0x00000038   Code   RO          283    .text               startup_mkl25z4.o
    0x0000019c   0x0000015a   Code   RO          325    .text               c_p.l(aeabi_sdiv.o)
    0x000002f6   0x00000006   Code   RO          329    .text               c_p.l(heapauxi.o)
    0x000002fc   0x0000007c   Code   RO          333    .text               fz_ps.l(d2f.o)
    0x00000378   0x00000048   Code   RO          340    .text               fz_ps.l(dfixui.o)
    0x000003c0   0x00000030   Code   RO          356    .text               fz_ps.l(ffixui.o)
    0x000003f0   0x00000010   Code   RO          397    .text               fz_ps.l(fnan2.o)
    0x00000400   0x00000010   Code   RO          282    .ARM.__at_0x400     startup_mkl25z4.o
    0x00000410   0x00000358   Code   RO          335    .text               fz_ps.l(daddsub.o)
    0x00000768   0x00000448   Code   RO          337    .text               fz_ps.l(ddiv.o)
    0x00000bb0   0x00000058   Code   RO          342    .text               fz_ps.l(dflti.o)
    0x00000c08   0x00000248   Code   RO          344    .text               fz_ps.l(dmul.o)
    0x00000e50   0x00000054   Code   RO          348    .text               fz_ps.l(f2d.o)
    0x00000ea4   0x0000005e   Code   RO          358    .text               fz_ps.l(fflti.o)
    0x00000f02   0x00000002   PAD
    0x00000f04   0x00000090   Code   RO          371    .text               fz_ps.l(dcmpin.o)
    0x00000f94   0x00000064   Code   RO          373    .text               fz_ps.l(fcmpin.o)
    0x00000ff8   0x0000002e   Code   RO          393    .text               fz_ps.l(cmpret.o)
    0x00001026   0x00000002   PAD
    0x00001028   0x00000014   Code   RO          395    .text               fz_ps.l(dnan2.o)
    0x0000103c   0x0000003e   Code   RO          399    .text               c_p.l(sys_stackheap_outer.o)
    0x0000107a   0x00000010   Code   RO          402    .text               c_p.l(exit.o)
    0x0000108a   0x0000005e   Code   RO          414    .text               fz_ps.l(retnan.o)
    0x000010e8   0x00000008   Code   RO          416    .text               c_p.l(libspace.o)
    0x000010f0   0x0000000c   Code   RO          473    .text               c_p.l(sys_exit.o)
    0x000010fc   0x00000002   Code   RO          492    .text               c_p.l(use_no_semi.o)
    0x000010fe   0x00000000   Code   RO          494    .text               c_p.l(indicate_semi.o)
    0x000010fe   0x00000002   PAD
    0x00001100   0x000000c0   Code   RO          180    i.ADC0_IRQHandler   test.o
    0x000011c0   0x000000f8   Code   RO           51    i.ADC_Cal           adc16.o
    0x000012b8   0x00000028   Code   RO           52    i.ADC_Config_Alt    adc16.o
    0x000012e0   0x0000002c   Code   RO          181    i.Init_ADC          test.o
    0x0000130c   0x00000084   Code   RO           83    i.Init_PIT          timers.o
    0x00001390   0x000000e8   Code   RO          182    i.Init_PWM          test.o
    0x00001478   0x0000012c   Code   RO          183    i.LED_Initialize    test.o
    0x000015a4   0x00000014   Code   RO          184    i.NVIC_ClearPendingIRQ  test.o
    0x000015b8   0x00000014   Code   RO          185    i.NVIC_EnableIRQ    test.o
    0x000015cc   0x00000078   Code   RO           84    i.NVIC_SetPriority  timers.o
    0x00001644   0x00000078   Code   RO          186    i.NVIC_SetPriority  test.o
    0x000016bc   0x00000068   Code   RO          187    i.PIT_IRQHandler    test.o
    0x00001724   0x00000014   Code   RO           85    i.Start_PIT         timers.o
    0x00001738   0x000000c4   Code   RO          292    i.SystemInit        system_mkl25z4.o
    0x000017fc   0x00000030   Code   RO          188    i.TPM1_IRQHandler   test.o
    0x0000182c   0x00000034   Code   RO          130    i.UART0_IRQHandler  uart.o
    0x00001860   0x0000029c   Code   RO          189    i.getDir            test.o
    0x00001afc   0x00000054   Code   RO            3    i.init_ADC0         adc0.o
    0x00001b50   0x00000090   Code   RO          190    i.main              test.o
    0x00001be0   0x00000170   Code   RO          133    i.uart0_init        uart.o
    0x00001d50   0x00000068   Code   RO          346    x$fpl$drleqf        fz_ps.l(drlef.o)
    0x00001db8   0x0000008c   Code   RO          350    x$fpl$fadd          fz_ps.l(faddsub.o)
    0x00001e44   0x00000054   Code   RO          360    x$fpl$fleqf         fz_ps.l(flef.o)
    0x00001e98   0x000000b0   Code   RO          362    x$fpl$fmul          fz_ps.l(fmul.o)
    0x00001f48   0x00000058   Code   RO          364    x$fpl$frleqf        fz_ps.l(frlef.o)
    0x00001fa0   0x000000d0   Code   RO          352    x$fpl$fsub          fz_ps.l(faddsub.o)
    0x00002070   0x00000000   Code   RO          375    x$fpl$usenofp       fz_ps.l(usenofp.o)
    0x00002070   0x00000010   Data   RO          194    .constdata          test.o
    0x00002080   0x00000080   Data   RO          338    .constdata          fz_ps.l(ddiv.o)
    0x00002100   0x00000020   Data   RO          544    Region$$Table       anon$$obj.o


    Execution Region RW_IRAM1 (Base: 0x1ffff000, Size: 0x00001190, Max: 0x00004000, ABSOLUTE)

    Base Addr    Size         Type   Attr      Idx    E Section Name        Object

    0x1ffff000   0x00000004   Data   RW           87    .data               timers.o
    0x1ffff004   0x00000029   Data   RW          195    .data               test.o
    0x1ffff02d   0x00000003   PAD
    0x1ffff030   0x00000100   Zero   RW          193    .bss                test.o
    0x1ffff130   0x00000060   Zero   RW          417    .bss                c_p.l(libspace.o)
    0x1ffff190   0x00000800   Zero   RW          280    HEAP                startup_mkl25z4.o
    0x1ffff990   0x00000800   Zero   RW          279    STACK               startup_mkl25z4.o


==============================================================================

Image component sizes


      Code (inc. data)   RO Data    RW Data    ZI Data      Debug   Object Name

        84         14          0          0          0     218856   adc0.o
       288          8          0          0          0        971   adc16.o
        72         42        192          0       4096        800   startup_mkl25z4.o
       196         28          0          0          0        501   system_mkl25z4.o
      1892        264         16         41        256      12918   test.o
       272         38          0          4          0       8195   timers.o
       420         20          0          0          0       1568   uart.o

    ----------------------------------------------------------------------
      3224        414        240         48       4352     243809   Object Totals
         0          0         32          0          0          0   (incl. Generated)
         0          0          0          3          0          0   (incl. Padding)

    ----------------------------------------------------------------------

      Code (inc. data)   RO Data    RW Data    ZI Data      Debug   Library Member Name

         8          0          0          0          0         68   __main.o
         0          0          0          0          0          0   __rtentry.o
        12          0          0          0          0          0   __rtentry2.o
         6          0          0          0          0          0   __rtentry4.o
        60          8          0          0          0          0   __scatter.o
        26          0          0          0          0          0   __scatter_copy.o
        28          0          0          0          0          0   __scatter_zi.o
       346          0          0          0          0         92   aeabi_sdiv.o
        16          0          0          0          0         68   exit.o
         6          0          0          0          0        136   heapauxi.o
         0          0          0          0          0          0   indicate_semi.o
         2          0          0          0          0          0   libinit.o
         2          0          0          0          0          0   libinit2.o
         2          0          0          0          0          0   libshutdown.o
         2          0          0          0          0          0   libshutdown2.o
         8          4          0          0         96         68   libspace.o
         2          0          0          0          0          0   rtexit.o
        10          0          0          0          0          0   rtexit2.o
        12          4          0          0          0         60   sys_exit.o
        62          0          0          0          0         80   sys_stackheap_outer.o
         2          0          0          0          0         68   use_no_semi.o
        46          0          0          0          0         60   cmpret.o
       124          4          0          0          0         72   d2f.o
       856         20          0          0          0        208   daddsub.o
       144          4          0          0          0         76   dcmpin.o
      1096         26        128          0          0        112   ddiv.o
        72          4          0          0          0         68   dfixui.o
        88          0          0          0          0         92   dflti.o
       584         26          0          0          0         84   dmul.o
        20          6          0          0          0         68   dnan2.o
       104          4          0          0          0        104   drlef.o
        84          4          0          0          0         60   f2d.o
       348          8          0          0          0        160   faddsub.o
       100          4          0          0          0         68   fcmpin.o
        48          0          0          0          0         60   ffixui.o
        94          0          0          0          0         92   fflti.o
        84          4          0          0          0         76   flef.o
       176          4          0          0          0         80   fmul.o
        16          6          0          0          0         68   fnan2.o
        88          4          0          0          0         76   frlef.o
        94          0          0          0          0         68   retnan.o
         0          0          0          0          0          0   usenofp.o

    ----------------------------------------------------------------------
      4888        144        128          0         96       2392   Library Totals
        10          0          0          0          0          0   (incl. Padding)

    ----------------------------------------------------------------------

      Code (inc. data)   RO Data    RW Data    ZI Data      Debug   Library Name

       612         16          0          0         96        640   c_p.l
      4266        128        128          0          0       1752   fz_ps.l

    ----------------------------------------------------------------------
      4888        144        128          0         96       2392   Library Totals

    ----------------------------------------------------------------------

==============================================================================


      Code (inc. data)   RO Data    RW Data    ZI Data      Debug   

      8112        558        368         48       4448     244293   Grand Totals
      8112        558        368         48       4448     244293   ELF Image Totals
      8112        558        368         48          0          0   ROM Totals

==============================================================================

    Total RO  Size (Code + RO Data)                 8480 (   8.28kB)
    Total RW  Size (RW Data + ZI Data)              4496 (   4.39kB)
    Total ROM Size (Code + RO Data + RW Data)       8528 (   8.33kB)

==============================================================================

