<html>
<body>
<pre>
<h1>µVision Build Log</h1>
<h2>Tool Versions:</h2>
IDE-Version: µVision V5.16a
Copyright (C) 2015 ARM Ltd and ARM Germany GmbH. All rights reserved.
License Information: Marco Dominguez, UC Davis, LIC=----
 
Tool Versions:
Toolchain:       MDK-Lite  Version: 5.16a
Toolchain Path:  C:\Keil_v5\ARM\ARMCC\Bin
C Compiler:      Armcc.exe V5.06 (build 20)
Assembler:       Armasm.exe V5.06 (build 20)
Linker/Locator:  ArmLink.exe V5.06 (build 20)
Library Manager: ArmAr.exe V5.06 (build 20)
Hex Converter:   FromElf.exe V5.06 (build 20)
CPU DLL:         SARMCM3.DLL V5.16a
Dialog DLL:      DARMCM1.DLL V1.12.0.0
Target DLL:      PEMicro\Pemicro_ArmCortexInterface.dll V1.11
Dialog DLL:      TARMCM1.DLL V1.9.0.0
 
<h2>Project:</h2>
C:\Users\Test\Desktop\NatCar\Lab7-2.uvprojx
Project File Date:  05/14/2016

<h2>Output:</h2>
*** Using Compiler 'V5.06 (build 20)', folder: 'C:\Keil_v5\ARM\ARMCC\Bin'
Rebuild target 'Target 1'
assembling startup_MKL25Z4.s...
compiling adc16.c...
compiling uart.c...
compiling adc0.c...
compiling system_MKL25Z4.c...
RTE\Device\MKL25Z128xxx4\system_MKL25Z4.c(83): warning:  #47-D: incompatible redefinition of macro "DEFAULT_SYSTEM_CLOCK" (declared at line 302 of "C:\Users\Test\Desktop\NatCar\RTE\Device\MKL25Z128xxx4\system_MKL25Z4.h")
      #define DEFAULT_SYSTEM_CLOCK            48000000u /* Default System clock value */
RTE\Device\MKL25Z128xxx4\system_MKL25Z4.c: 1 warning, 0 errors
compiling timers.c...
compiling Test.c...
linking...
Program Size: Code=8112 RO-data=368 RW-data=48 ZI-data=4448  
".\Objects\Lab7-2.axf" - 0 Error(s), 1 Warning(s).

<h2>Software Packages used:</h2>

Package Vendor: ARM
                http://www.keil.com/pack/ARM.CMSIS.4.5.0.pack
                ARM::CMSIS:CORE:4.3.0
                CMSIS (Cortex Microcontroller Software Interface Standard)
   * Component: CORE Version: 4.3.0

Package Vendor: Keil
                http://www.keil.com/pack/Keil.Kinetis_KLxx_DFP.1.11.0.pack
                Keil::Device:Startup:2.5.0
                Freescale Kinetis KLxx Series Device Support and Examples
   * Component: Startup Version: 2.5.0

<h2>Collection of Component include folders:</h2>
  C:\Users\Test\Desktop\NatCar\RTE
  C:\Users\Test\Desktop\NatCar\RTE\Device\MKL25Z128xxx4
  C:\Keil_v5\ARM\PACK\ARM\CMSIS\4.5.0\CMSIS\Include
  C:\Keil_v5\ARM\PACK\Keil\Kinetis_KLxx_DFP\1.11.0\Device\Include

<h2>Collection of Component Files used:</h2>

   * Component: ARM::CMSIS:CORE:4.3.0

   * Component: Keil::Device:Startup:2.5.0
      Include file:  Device\Source\system_MKL25Z4.h
      Source file:   Device\Source\ARM\startup_MKL25Z4.s
      Source file:   Device\Source\system_MKL25Z4.c
Build Time Elapsed:  00:00:03
</pre>
</body>
</html>
